<DeviceLog>
   <GUID>
		<Value>4cbb4ef1-f36c-476d-bf50-ae04f65f8537</Value>
   </GUID>
   <Content>"[    0.000000] Linux version 4.15.0-20-generic (buildd@lgw01-amd64-039) (gcc version 7.3.0 (Ubuntu 7.3.0-16ubuntu3)) #21-Ubuntu SMP Tue Apr 24 06:16:15 UTC 2018 (Ubuntu 4.15.0-20.21-generic 4.15.17)
[    0.000000] Command line: BOOT_IMAGE=/boot/vmlinuz-4.15.0-20-generic root=/dev/mapper/ubuntuIOT--vg-root ro
[    0.000000] KERNEL supported cpus:
[    0.000000]   Intel GenuineIntel
[    0.000000]   AMD AuthenticAMD
[    0.000000]   Centaur CentaurHauls
[    0.000000] x86/fpu: Supporting XSAVE feature 0x001: 'x87 floating point registers'
[    0.000000] x86/fpu: Supporting XSAVE feature 0x002: 'SSE registers'
[    0.000000] x86/fpu: Supporting XSAVE feature 0x004: 'AVX registers'
[    0.000000] x86/fpu: xstate_offset[2]:  576, xstate_sizes[2]:  256
[    0.000000] x86/fpu: Enabled xstate features 0x7, context size is 832 bytes, using 'standard' format.
[    0.000000] e820: BIOS-provided physical RAM map:
[    0.000000] BIOS-e820: [mem 0x0000000000000000-0x000000000009fbff] usable
[    0.000000] BIOS-e820: [mem 0x000000000009fc00-0x000000000009ffff] reserved
[    0.000000] BIOS-e820: [mem 0x00000000000f0000-0x00000000000fffff] reserved
[    0.000000] BIOS-e820: [mem 0x0000000000100000-0x000000003ffeffff] usable
[    0.000000] BIOS-e820: [mem 0x000000003fff0000-0x000000003fffffff] ACPI data
[    0.000000] BIOS-e820: [mem 0x00000000fec00000-0x00000000fec00fff] reserved
[    0.000000] BIOS-e820: [mem 0x00000000fee00000-0x00000000fee00fff] reserved
[    0.000000] BIOS-e820: [mem 0x00000000fffc0000-0x00000000ffffffff] reserved
[    0.000000] NX (Execute Disable) protection: active
[    0.000000] random: fast init done
[    0.000000] SMBIOS 2.5 present.
[    0.000000] DMI: innotek GmbH VirtualBox/VirtualBox, BIOS VirtualBox 12/01/2006
[    0.000000] Hypervisor detected: KVM
[    0.000000] e820: update [mem 0x00000000-0x00000fff] usable ==> reserved
[    0.000000] e820: remove [mem 0x000a0000-0x000fffff] usable
[    0.000000] e820: last_pfn = 0x3fff0 max_arch_pfn = 0x400000000
[    0.000000] MTRR default type: uncachable
[    0.000000] MTRR variable ranges disabled:
[    0.000000] MTRR: Disabled
[    0.000000] x86/PAT: MTRRs disabled, skipping PAT initialization too.
[    0.000000] CPU MTRRs all blank - virtualized system.
[    0.000000] x86/PAT: Configuration [0-7]: WB  WT  UC- UC  WB  WT  UC- UC  
[    0.000000] found SMP MP-table at [mem 0x0009fff0-0x0009ffff] mapped at [        (ptrval)]
[    0.000000] Scanning 1 areas for low memory corruption
[    0.000000] Base memory trampoline at [        (ptrval)] 99000 size 24576
[    0.000000] BRK [0x3e93e000, 0x3e93efff] PGTABLE
[    0.000000] BRK [0x3e93f000, 0x3e93ffff] PGTABLE
[    0.000000] BRK [0x3e940000, 0x3e940fff] PGTABLE
[    0.000000] BRK [0x3e941000, 0x3e941fff] PGTABLE
[    0.000000] BRK [0x3e942000, 0x3e942fff] PGTABLE
[    0.000000] RAMDISK: [mem 0x3177b000-0x34bb4fff]
[    0.000000] ACPI: Early table checksum verification disabled
[    0.000000] ACPI: RSDP 0x00000000000E0000 000024 (v02 VBOX  )
[    0.000000] ACPI: XSDT 0x000000003FFF0030 00003C (v01 VBOX   VBOXXSDT 00000001 ASL  00000061)
[    0.000000] ACPI: FACP 0x000000003FFF00F0 0000F4 (v04 VBOX   VBOXFACP 00000001 ASL  00000061)
[    0.000000] ACPI: DSDT 0x000000003FFF0470 0022EA (v02 VBOX   VBOXBIOS 00000002 INTL 20100528)
[    0.000000] ACPI: FACS 0x000000003FFF0200 000040
[    0.000000] ACPI: FACS 0x000000003FFF0200 000040
[    0.000000] ACPI: APIC 0x000000003FFF0240 000054 (v02 VBOX   VBOXAPIC 00000001 ASL  00000061)
[    0.000000] ACPI: SSDT 0x000000003FFF02A0 0001CC (v01 VBOX   VBOXCPUT 00000002 INTL 20100528)
[    0.000000] ACPI: Local APIC address 0xfee00000
[    0.000000] No NUMA configuration found
[    0.000000] Faking a node at [mem 0x0000000000000000-0x000000003ffeffff]
[    0.000000] NODE_DATA(0) allocated [mem 0x3ffc5000-0x3ffeffff]
[    0.000000] kvm-clock: cpu 0, msr 0:3ff44001, primary cpu clock
[    0.000000] kvm-clock: Using msrs 4b564d01 and 4b564d00
[    0.000000] kvm-clock: using sched offset of 7563317647 cycles
[    0.000000] clocksource: kvm-clock: mask: 0xffffffffffffffff max_cycles: 0x1cd42e4dffb, max_idle_ns: 881590591483 ns
[    0.000000] Zone ranges:
[    0.000000]   DMA      [mem 0x0000000000001000-0x0000000000ffffff]
[    0.000000]   DMA32    [mem 0x0000000001000000-0x000000003ffeffff]
[    0.000000]   Normal   empty
[    0.000000]   Device   empty
[    0.000000] Movable zone start for each node
[    0.000000] Early memory node ranges
[    0.000000]   node   0: [mem 0x0000000000001000-0x000000000009efff]
[    0.000000]   node   0: [mem 0x0000000000100000-0x000000003ffeffff]
[    0.000000] Initmem setup node 0 [mem 0x0000000000001000-0x000000003ffeffff]
[    0.000000] On node 0 totalpages: 262030
[    0.000000]   DMA zone: 64 pages used for memmap
[    0.000000]   DMA zone: 21 pages reserved
[    0.000000]   DMA zone: 3998 pages, LIFO batch:0
[    0.000000]   DMA32 zone: 4032 pages used for memmap
[    0.000000]   DMA32 zone: 258032 pages, LIFO batch:31
[    0.000000] Reserved but unavailable: 98 pages
[    0.000000] ACPI: PM-Timer IO Port: 0x4008
[    0.000000] ACPI: Local APIC address 0xfee00000
[    0.000000] IOAPIC[0]: apic_id 1, version 32, address 0xfec00000, GSI 0-23
[    0.000000] ACPI: INT_SRC_OVR (bus 0 bus_irq 0 global_irq 2 dfl dfl)
[    0.000000] ACPI: INT_SRC_OVR (bus 0 bus_irq 9 global_irq 9 low level)
[    0.000000] ACPI: IRQ0 used by override.
[    0.000000] ACPI: IRQ9 used by override.
[    0.000000] Using ACPI (MADT) for SMP configuration information
[    0.000000] smpboot: Allowing 1 CPUs, 0 hotplug CPUs
[    0.000000] PM: Registered nosave memory: [mem 0x00000000-0x00000fff]
[    0.000000] PM: Registered nosave memory: [mem 0x0009f000-0x0009ffff]
[    0.000000] PM: Registered nosave memory: [mem 0x000a0000-0x000effff]
[    0.000000] PM: Registered nosave memory: [mem 0x000f0000-0x000fffff]
[    0.000000] e820: [mem 0x40000000-0xfebfffff] available for PCI devices
[    0.000000] Booting paravirtualized kernel on KVM
[    0.000000] clocksource: refined-jiffies: mask: 0xffffffff max_cycles: 0xffffffff, max_idle_ns: 7645519600211568 ns
[    0.000000] setup_percpu: NR_CPUS:8192 nr_cpumask_bits:1 nr_cpu_ids:1 nr_node_ids:1
[    0.000000] percpu: Embedded 46 pages/cpu @        (ptrval) s151552 r8192 d28672 u2097152
[    0.000000] pcpu-alloc: s151552 r8192 d28672 u2097152 alloc=1*2097152
[    0.000000] pcpu-alloc: [0] 0 
[    0.000000] PV qspinlock hash table entries: 256 (order: 0, 4096 bytes)
[    0.000000] Built 1 zonelists, mobility grouping on.  Total pages: 257913
[    0.000000] Policy zone: DMA32
[    0.000000] Kernel command line: BOOT_IMAGE=/boot/vmlinuz-4.15.0-20-generic root=/dev/mapper/ubuntuIOT--vg-root ro
[    0.000000] Calgary: detecting Calgary via BIOS EBDA area
[    0.000000] Calgary: Unable to locate Rio Grande table in EBDA - bailing!
[    0.000000] Memory: 949292K/1048120K available (12300K kernel code, 2470K rwdata, 4240K rodata, 2404K init, 2416K bss, 98828K reserved, 0K cma-reserved)
[    0.000000] SLUB: HWalign=64, Order=0-3, MinObjects=0, CPUs=1, Nodes=1
[    0.000000] Kernel/User page tables isolation: enabled
[    0.000000] ftrace: allocating 39065 entries in 153 pages
[    0.004000] Hierarchical RCU implementation.
[    0.004000]  RCU restricting CPUs from NR_CPUS=8192 to nr_cpu_ids=1.
[    0.004000]  Tasks RCU enabled.
[    0.004000] RCU: Adjusting geometry for rcu_fanout_leaf=16, nr_cpu_ids=1
[    0.004000] NR_IRQS: 524544, nr_irqs: 256, preallocated irqs: 16
[    0.004000] Console: colour VGA+ 80x25
[    0.004000] console [tty0] enabled
[    0.004000] ACPI: Core revision 20170831
[    0.004000] ACPI: 2 ACPI AML tables successfully acquired and loaded
[    0.004000] APIC: Switch to symmetric I/O mode setup
[    0.004000] x2apic enabled
[    0.004000] Switched APIC routing to physical x2apic.
[    0.004000] ..TIMER: vector=0x30 apic1=0 pin1=2 apic2=-1 pin2=-1
[    0.004000] tsc: Detected 2807.994 MHz processor
[    0.004000] Calibrating delay loop (skipped) preset value.. 5615.98 BogoMIPS (lpj=11231976)
[    0.004000] pid_max: default: 32768 minimum: 301
[    0.004000] Security Framework initialized
[    0.004006] Yama: becoming mindful.
[    0.004270] AppArmor: AppArmor initialized
[    0.004694] Dentry cache hash table entries: 131072 (order: 8, 1048576 bytes)
[    0.005460] Inode-cache hash table entries: 65536 (order: 7, 524288 bytes)
[    0.005946] Mount-cache hash table entries: 2048 (order: 2, 16384 bytes)
[    0.006346] Mountpoint-cache hash table entries: 2048 (order: 2, 16384 bytes)
[    0.007044] CPU: Physical Processor ID: 0
[    0.007331] mce: CPU supports 0 MCE banks
[    0.007606] process: using mwait in idle threads
[    0.007921] Last level iTLB entries: 4KB 64, 2MB 8, 4MB 8
[    0.008000] Last level dTLB entries: 4KB 64, 2MB 0, 4MB 0, 1GB 4
[    0.008000] Spectre V2 : Mitigation: Full generic retpoline
[    0.008004] Spectre V2 : Spectre v2 mitigation: Filling RSB on context switch
[    0.024574] Freeing SMP alternatives memory: 36K
[    0.028000] smpboot: CPU0: Intel(R) Core(TM) i7-7700HQ CPU @ 2.80GHz (family: 0x6, model: 0x9e, stepping: 0x9)
[    0.028000] Performance Events: unsupported p6 CPU model 158 no PMU driver, software events only.
[    0.028000] Hierarchical SRCU implementation.
[    0.028000] NMI watchdog: Perf event create on CPU 0 failed with -2
[    0.028000] NMI watchdog: Perf NMI watchdog permanently disabled
[    0.028000] smp: Bringing up secondary CPUs ...
[    0.028000] smp: Brought up 1 node, 1 CPU
[    0.028000] smpboot: Max logical packages: 1
[    0.028000] smpboot: Total of 1 processors activated (5615.98 BogoMIPS)
[    0.028000] devtmpfs: initialized
[    0.028000] x86/mm: Memory block size: 128MB
[    0.028118] evm: security.selinux
[    0.028332] evm: security.SMACK64
[    0.028599] evm: security.SMACK64EXEC
[    0.028858] evm: security.SMACK64TRANSMUTE
[    0.029198] evm: security.SMACK64MMAP
[    0.029439] evm: security.apparmor
[    0.029633] evm: security.ima
[    0.029841] evm: security.capability
[    0.030156] clocksource: jiffies: mask: 0xffffffff max_cycles: 0xffffffff, max_idle_ns: 7645041785100000 ns
[    0.030589] futex hash table entries: 256 (order: 2, 16384 bytes)
[    0.030875] pinctrl core: initialized pinctrl subsystem
[    0.031189] RTC time: 11:32:53, date: 03/12/21
[    0.031523] NET: Registered protocol family 16
[    0.031795] audit: initializing netlink subsys (disabled)
[    0.032000] cpuidle: using governor ladder
[    0.032000] cpuidle: using governor menu
[    0.032034] ACPI: bus type PCI registered
[    0.032249] acpiphp: ACPI Hot Plug PCI Controller Driver version: 0.5
[    0.032661] PCI: Using configuration type 1 for base access
[    0.034073] audit: type=2000 audit(1615548782.463:1): state=initialized audit_enabled=0 res=1
[    0.034516] HugeTLB registered 2.00 MiB page size, pre-allocated 0 pages
[    0.036240] ACPI: Added _OSI(Module Device)
[    0.036530] ACPI: Added _OSI(Processor Device)
[    0.036772] ACPI: Added _OSI(3.0 _SCP Extensions)
[    0.037201] ACPI: Added _OSI(Processor Aggregator Device)
[    0.040283] ACPI: Executed 1 blocks of module-level executable AML code
[    0.044972] ACPI: Interpreter enabled
[    0.045182] ACPI: (supports S0 S5)
[    0.045360] ACPI: Using IOAPIC for interrupt routing
[    0.045914] PCI: Using host bridge windows from ACPI; if necessary, use "pci=nocrs" and report a bug
[    0.046467] ACPI: Enabled 2 GPEs in block 00 to 07
[    0.056437] ACPI: PCI Root Bridge [PCI0] (domain 0000 [bus 00-ff])
[    0.056798] acpi PNP0A03:00: _OSC: OS supports [ASPM ClockPM Segments MSI]
[    0.057985] acpi PNP0A03:00: _OSC: not requesting OS control; OS requires [ExtendedConfig ASPM ClockPM MSI]
[    0.058568] acpi PNP0A03:00: fail to add MMCONFIG information, can't access extended PCI configuration space under this bridge.
[    0.059954] PCI host bridge to bus 0000:00
[    0.060000] pci_bus 0000:00: root bus resource [io  0x0000-0x0cf7 window]
[    0.060000] pci_bus 0000:00: root bus resource [io  0x0d00-0xffff window]
[    0.060005] pci_bus 0000:00: root bus resource [mem 0x000a0000-0x000bffff window]
[    0.060533] pci_bus 0000:00: root bus resource [mem 0x40000000-0xfdffffff window]
[    0.060985] pci_bus 0000:00: root bus resource [bus 00-ff]
[    0.061356] pci 0000:00:00.0: [8086:1237] type 00 class 0x060000
[    0.062134] pci 0000:00:01.0: [8086:7000] type 00 class 0x060100
[    0.064219] pci 0000:00:01.1: [8086:7111] type 00 class 0x01018a
[    0.064745] pci 0000:00:01.1: reg 0x20: [io  0xd000-0xd00f]
[    0.065003] pci 0000:00:01.1: legacy IDE quirk: reg 0x10: [io  0x01f0-0x01f7]
[    0.065378] pci 0000:00:01.1: legacy IDE quirk: reg 0x14: [io  0x03f6]
[    0.065722] pci 0000:00:01.1: legacy IDE quirk: reg 0x18: [io  0x0170-0x0177]
[    0.066093] pci 0000:00:01.1: legacy IDE quirk: reg 0x1c: [io  0x0376]
[    0.066752] pci 0000:00:02.0: [15ad:0405] type 00 class 0x030000
[    0.067919] pci 0000:00:02.0: reg 0x10: [io  0xd010-0xd01f]
[    0.068532] pci 0000:00:02.0: reg 0x14: [mem 0xf0000000-0xf0ffffff]
[    0.069784] pci 0000:00:02.0: reg 0x18: [mem 0xf1000000-0xf11fffff]
[    0.074061] pci 0000:00:03.0: [8086:100e] type 00 class 0x020000
[    0.074833] pci 0000:00:03.0: reg 0x10: [mem 0xf1200000-0xf121ffff]
[    0.075952] pci 0000:00:03.0: reg 0x18: [io  0xd020-0xd027]
[    0.078647] pci 0000:00:04.0: [80ee:cafe] type 00 class 0x088000
[    0.079481] pci 0000:00:04.0: reg 0x10: [io  0xd040-0xd05f]
[    0.080094] pci 0000:00:04.0: reg 0x14: [mem 0xf1400000-0xf17fffff]
[    0.080611] pci 0000:00:04.0: reg 0x18: [mem 0xf1800000-0xf1803fff pref]
[    0.082607] pci 0000:00:05.0: [8086:2415] type 00 class 0x040100
[    0.082757] pci 0000:00:05.0: reg 0x10: [io  0xd100-0xd1ff]
[    0.082840] pci 0000:00:05.0: reg 0x14: [io  0xd200-0xd23f]
[    0.083493] pci 0000:00:06.0: [106b:003f] type 00 class 0x0c0310
[    0.084043] pci 0000:00:06.0: reg 0x10: [mem 0xf1804000-0xf1804fff]
[    0.086346] pci 0000:00:07.0: [8086:7113] type 00 class 0x068000
[    0.086986] pci 0000:00:07.0: quirk: [io  0x4000-0x403f] claimed by PIIX4 ACPI
[    0.087407] pci 0000:00:07.0: quirk: [io  0x4100-0x410f] claimed by PIIX4 SMB
[    0.088327] pci 0000:00:0d.0: [8086:2829] type 00 class 0x010601
[    0.089144] pci 0000:00:0d.0: reg 0x10: [io  0xd240-0xd247]
[    0.089937] pci 0000:00:0d.0: reg 0x14: [io  0xd248-0xd24b]
[    0.090913] pci 0000:00:0d.0: reg 0x18: [io  0xd250-0xd257]
[    0.091665] pci 0000:00:0d.0: reg 0x1c: [io  0xd258-0xd25b]
[    0.092182] pci 0000:00:0d.0: reg 0x20: [io  0xd260-0xd26f]
[    0.092666] pci 0000:00:0d.0: reg 0x24: [mem 0xf1806000-0xf1807fff]
[    0.095185] ACPI: PCI Interrupt Link [LNKA] (IRQs 5 9 10 *11)
[    0.096034] ACPI: PCI Interrupt Link [LNKB] (IRQs 5 9 *10 11)
[    0.096407] ACPI: PCI Interrupt Link [LNKC] (IRQs 5 *9 10 11)
[    0.097382] ACPI: PCI Interrupt Link [LNKD] (IRQs 5 9 10 *11)
[    0.098084] SCSI subsystem initialized
[    0.098321] libata version 3.00 loaded.
[    0.098380] pci 0000:00:02.0: vgaarb: setting as boot VGA device
[    0.098668] pci 0000:00:02.0: vgaarb: VGA device added: decodes=io+mem,owns=io+mem,locks=none
[    0.099229] pci 0000:00:02.0: vgaarb: bridge control possible
[    0.099606] vgaarb: loaded
[    0.099858] ACPI: bus type USB registered
[    0.100000] usbcore: registered new interface driver usbfs
[    0.100000] usbcore: registered new interface driver hub
[    0.100022] usbcore: registered new device driver usb
[    0.100309] EDAC MC: Ver: 3.0.0
[    0.100772] PCI: Using ACPI for IRQ routing
[    0.100976] PCI: pci_cache_line_size set to 64 bytes
[    0.101162] e820: reserve RAM buffer [mem 0x0009fc00-0x0009ffff]
[    0.101165] e820: reserve RAM buffer [mem 0x3fff0000-0x3fffffff]
[    0.101253] NetLabel: Initializing
[    0.101432] NetLabel:  domain hash size = 128
[    0.101635] NetLabel:  protocols = UNLABELED CIPSOv4 CALIPSO
[    0.101885] NetLabel:  unlabeled traffic allowed by default
[    0.102309] clocksource: Switched to clocksource kvm-clock
[    0.122455] VFS: Disk quotas dquot_6.6.0
[    0.122674] VFS: Dquot-cache hash table entries: 512 (order 0, 4096 bytes)
[    0.123155] AppArmor: AppArmor Filesystem Enabled
[    0.123397] pnp: PnP ACPI init
[    0.123633] pnp 00:00: Plug and Play ACPI device, IDs PNP0303 (active)
[    0.123718] pnp 00:01: Plug and Play ACPI device, IDs PNP0f03 (active)
	   </Content>
</DeviceLog>


